// Jest Snapshot v1, https://goo.gl/fbAQLP

exports[`EventList renders correctly 1`] = `ShallowWrapper {}`;

exports[`EventList renders correctly 2`] = `ShallowWrapper {}`;
