// Jest Snapshot v1, https://goo.gl/fbAQLP

exports[`WeatherCard renders correctly 1`] = `ShallowWrapper {}`;
