// Jest Snapshot v1, https://goo.gl/fbAQLP

exports[`NewEventButton renders correctly 1`] = `ShallowWrapper {}`;
