// Jest Snapshot v1, https://goo.gl/fbAQLP

exports[`PaginationControls renders correctly 1`] = `ShallowWrapper {}`;
