// Jest Snapshot v1, https://goo.gl/fbAQLP

exports[`TodaysEvents renders correctly 1`] = `ShallowWrapper {}`;
