// Jest Snapshot v1, https://goo.gl/fbAQLP

exports[`MoreEvents renders correctly 1`] = `ShallowWrapper {}`;
