// Jest Snapshot v1, https://goo.gl/fbAQLP

exports[`EventCard renders correctly 1`] = `ShallowWrapper {}`;
